2026-02-18 13:00:22,460 - INFO - API key loaded from aemet_api_key.txt
2026-02-18 13:00:22,460 - INFO - ======================================================================
2026-02-18 13:00:22,460 - INFO - AEMET Station Inventory Fetch Started
2026-02-18 13:00:22,460 - INFO - ======================================================================
2026-02-18 13:00:22,460 - INFO - Requesting station inventory from AEMET...
2026-02-18 13:00:22,579 - INFO - Fetching station data from https://opendata.aemet.es/opendata/sh/fe2699fe...
2026-02-18 13:00:22,911 - INFO - Received 947 stations from API
2026-02-18 13:00:22,915 - INFO - Processing station data...
2026-02-18 13:00:22,915 - INFO -   Processed 100 stations...
2026-02-18 13:00:22,916 - INFO -   Processed 200 stations...
2026-02-18 13:00:22,917 - INFO -   Processed 300 stations...
2026-02-18 13:00:22,917 - INFO -   Processed 400 stations...
2026-02-18 13:00:22,917 - INFO -   Processed 500 stations...
2026-02-18 13:00:22,918 - INFO -   Processed 600 stations...
2026-02-18 13:00:22,918 - INFO -   Processed 700 stations...
2026-02-18 13:00:22,919 - INFO -   Processed 800 stations...
2026-02-18 13:00:22,919 - INFO -   Processed 900 stations...
2026-02-18 13:00:22,919 - INFO - Processed 947 stations (skipped 0)
2026-02-18 13:00:22,919 - INFO - Provinces found: 52
2026-02-18 13:00:22,926 - INFO - [OK] CSV exported to aemet_stations_20260218_130022.csv
2026-02-18 13:00:22,941 - INFO - [OK] JSON exported to aemet_stations_20260218_130022.json
2026-02-18 13:00:22,959 - INFO - [OK] Station inventory fetch completed successfully
2026-02-18 13:06:08,715 - INFO - API key loaded from aemet_api_key.txt
2026-02-18 13:06:08,715 - INFO - ======================================================================
2026-02-18 13:06:08,715 - INFO - AEMET Station Inventory Fetch Started
2026-02-18 13:06:08,715 - INFO - ======================================================================
2026-02-18 13:06:08,715 - INFO - Requesting station inventory from AEMET...
2026-02-18 13:06:08,875 - INFO - Fetching station data from https://opendata.aemet.es/opendata/sh/fe2699fe...
2026-02-18 13:06:09,081 - INFO - Received 947 stations from API
2026-02-18 13:06:09,081 - INFO - Processing station data...
2026-02-18 13:06:09,081 - INFO -   Processed 100 stations...
2026-02-18 13:06:09,081 - INFO -   Processed 200 stations...
2026-02-18 13:06:09,081 - INFO -   Processed 300 stations...
2026-02-18 13:06:09,081 - INFO -   Processed 400 stations...
2026-02-18 13:06:09,081 - INFO -   Processed 500 stations...
2026-02-18 13:06:09,081 - INFO -   Processed 600 stations...
2026-02-18 13:06:09,081 - INFO -   Processed 700 stations...
2026-02-18 13:06:09,081 - INFO -   Processed 800 stations...
2026-02-18 13:06:09,081 - INFO -   Processed 900 stations...
2026-02-18 13:06:09,081 - INFO - Processed 947 stations (skipped 0)
2026-02-18 13:06:09,081 - INFO - Provinces found: 52
2026-02-18 13:06:09,100 - INFO - [OK] CSV exported to aemet_stations_20260218_130609.csv
2026-02-18 13:06:09,117 - INFO - [OK] JSON exported to aemet_stations_20260218_130609.json
2026-02-18 13:06:09,123 - INFO - [OK] Station inventory fetch completed successfully
